
udaykiran@DESKTOP-72SHGN9 MINGW64 ~/Documents/Web Development Project/head elements
$ mkdir git

udaykiran@DESKTOP-72SHGN9 MINGW64 ~/Documents/Web Development Project/head elements
$ cd git

udaykiran@DESKTOP-72SHGN9 MINGW64 ~/Documents/Web Development Project/head elements/git
$ touch chapter1.txt

udaykiran@DESKTOP-72SHGN9 MINGW64 ~/Documents/Web Development Project/head elements/git
$ open chapter1.txt
bash: open: command not found

udaykiran@DESKTOP-72SHGN9 MINGW64 ~/Documents/Web Development Project/head elements/git
$ start chapter.txt
The system cannot find the file chapter.txt.

udaykiran@DESKTOP-72SHGN9 MINGW64 ~/Documents/Web Development Project/head elements/git
$ start chapter1.txt

udaykiran@DESKTOP-72SHGN9 MINGW64 ~/Documents/Web Development Project/head elements/git
$ git init
Initialized empty Git repository in C:/Users/udaykiran/Documents/Web Development Project/head elements/git/.git/

udaykiran@DESKTOP-72SHGN9 MINGW64 ~/Documents/Web Development Project/head elements/git (master)
$ ls -a
./  ../  .git/  chapter1.txt

udaykiran@DESKTOP-72SHGN9 MINGW64 ~/Documents/Web Development Project/head elements/git (master)
$ git status
On branch master

No commits yet

Untracked files:
  (use "git add <file>..." to include in what will be committed)
        chapter1.txt

nothing added to commit but untracked files present (use "git add" to track)

udaykiran@DESKTOP-72SHGN9 MINGW64 ~/Documents/Web Development Project/head elements/git (master)
$ git add chapter1.txt

udaykiran@DESKTOP-72SHGN9 MINGW64 ~/Documents/Web Development Project/head elements/git (master)
$ git status
On branch master

No commits yet

Changes to be committed:
  (use "git rm --cached <file>..." to unstage)
        new file:   chapter1.txt


udaykiran@DESKTOP-72SHGN9 MINGW64 ~/Documents/Web Development Project/head elements/git (master)
$ git commit -m "chapter1 is complete"
Author identity unknown

*** Please tell me who you are.

Run

  git config --global user.email "you@example.com"
  git config --global user.name "Your Name"

to set your account's default identity.
Omit --global to set the identity only in this repository.

fatal: unable to auto-detect email address (got 'udaykiran@DESKTOP-72SHGN9.(none)')

udaykiran@DESKTOP-72SHGN9 MINGW64 ~/Documents/Web Development Project/head elements/git (master)
$ git log
fatal: your current branch 'master' does not have any commits yet

udaykiran@DESKTOP-72SHGN9 MINGW64 ~/Documents/Web Development Project/head elements/git (master)
$ git config --global user.email "you@example.com"

udaykiran@DESKTOP-72SHGN9 MINGW64 ~/Documents/Web Development Project/head elements/git (master)
$   git config --global user.name "uday"

udaykiran@DESKTOP-72SHGN9 MINGW64 ~/Documents/Web Development Project/head elements/git (master)
$ git status 
On branch master

No commits yet

Changes to be committed:
  (use "git rm --cached <file>..." to unstage)
        new file:   chapter1.txt


udaykiran@DESKTOP-72SHGN9 MINGW64 ~/Documents/Web Development Project/head elements/git (master)
$ git log
fatal: your current branch 'master' does not have any commits yet

udaykiran@DESKTOP-72SHGN9 MINGW64 ~/Documents/Web Development Project/head elements/git (master)
$ git commit -m "complete chapter1.txt"
[master (root-commit) 3f057be] complete chapter1.txt
 1 file changed, 1 insertion(+)
 create mode 100644 chapter1.txt

udaykiran@DESKTOP-72SHGN9 MINGW64 ~/Documents/Web Development Project/head elements/git (master)
$ git log
commit 3f057be7c18192fac121efe9168efbae021127ac (HEAD -> master)
Author: uday <you@example.com>
Date:   Fri Jul 28 20:54:07 2023 +0530

    complete chapter1.txt
